// Jest Snapshot v1, https://goo.gl/fbAQLP

exports[`TodoList component should render a TodoList with todos passed in from above 1`] = `
<ul>
  <li
    class="todo-item"
    completed="0"
    id="todo-1"
  >
    Learn about reducers
  </li>
  <li
    class="todo-item"
    completed="0"
    id="todo-2"
  >
    Learn more about reducers
  </li>
  <li
    class="todo-item"
    completed="0"
    id="todo-3"
  >
    Learn everything there is to know about reducers
  </li>
  ;
</ul>
`;
