// Jest Snapshot v1, https://goo.gl/fbAQLP

exports[`TodoItem component tests should render a todo item 1`] = `
<li
  class="todo-item"
  completed="0"
  id="todo-todo-1"
>
  <div
    class="todo-item-container"
  >
    <p>
      Do something
    </p>
    <button>
      ✓
    </button>
  </div>
</li>
`;
